Archive member included to satisfy reference by file (symbol)

./../librairie/libA.a(can.o)  main.o (_ZN3canC1Ev)
./../librairie/libA.a(capteurs.o)
                              main.o (_ZN8CapteursC1Ev)
./../librairie/libA.a(librairieFonctions.o)
                              main.o (_Z24initialisationPwmMoteursv)
./../librairie/libA.a(memoire_24.o)
                              ./../librairie/libA.a(librairieFonctions.o) (_ZN13Memoire24CXXX7lectureEjPh)
/usr/lib/gcc/avr/6.2.0/avr5/libgcc.a(_divmodhi4.o)
                              ./../librairie/libA.a(librairieFonctions.o) (__divmodhi4)
/usr/lib/gcc/avr/6.2.0/avr5/libgcc.a(_exit.o)
                              /usr/lib/gcc/avr/6.2.0/../../../../avr/lib/avr5/crtatmega324pa.o (exit)
/usr/lib/gcc/avr/6.2.0/avr5/libgcc.a(_tablejump2.o)
                              main.o (__tablejump2__)
/usr/lib/gcc/avr/6.2.0/avr5/libgcc.a(_copy_data.o)
                              ./../librairie/libA.a(memoire_24.o) (__do_copy_data)
/usr/lib/gcc/avr/6.2.0/avr5/libgcc.a(_clear_bss.o)
                              main.o (__do_clear_bss)
/usr/lib/gcc/avr/6.2.0/avr5/libgcc.a(_udivmodhi4.o)
                              /usr/lib/gcc/avr/6.2.0/avr5/libgcc.a(_divmodhi4.o) (__udivmodhi4)
/usr/lib/gcc/avr/6.2.0/../../../../avr/lib/avr5/libm.a(addsf3.o)
                              ./../librairie/libA.a(librairieFonctions.o) (__subsf3)
/usr/lib/gcc/avr/6.2.0/../../../../avr/lib/avr5/libm.a(addsf3x.o)
                              /usr/lib/gcc/avr/6.2.0/../../../../avr/lib/avr5/libm.a(addsf3.o) (__addsf3x)
/usr/lib/gcc/avr/6.2.0/../../../../avr/lib/avr5/libm.a(divsf3.o)
                              ./../librairie/libA.a(librairieFonctions.o) (__divsf3)
/usr/lib/gcc/avr/6.2.0/../../../../avr/lib/avr5/libm.a(divsf3x.o)
                              /usr/lib/gcc/avr/6.2.0/../../../../avr/lib/avr5/libm.a(divsf3.o) (__divsf3x)
/usr/lib/gcc/avr/6.2.0/../../../../avr/lib/avr5/libm.a(fixunssfsi.o)
                              ./../librairie/libA.a(librairieFonctions.o) (__fixunssfsi)
/usr/lib/gcc/avr/6.2.0/../../../../avr/lib/avr5/libm.a(floatsisf.o)
                              ./../librairie/libA.a(librairieFonctions.o) (__floatsisf)
/usr/lib/gcc/avr/6.2.0/../../../../avr/lib/avr5/libm.a(fp_inf.o)
                              /usr/lib/gcc/avr/6.2.0/../../../../avr/lib/avr5/libm.a(addsf3x.o) (__fp_inf)
/usr/lib/gcc/avr/6.2.0/../../../../avr/lib/avr5/libm.a(fp_nan.o)
                              /usr/lib/gcc/avr/6.2.0/../../../../avr/lib/avr5/libm.a(addsf3x.o) (__fp_nan)
/usr/lib/gcc/avr/6.2.0/../../../../avr/lib/avr5/libm.a(fp_pscA.o)
                              /usr/lib/gcc/avr/6.2.0/../../../../avr/lib/avr5/libm.a(addsf3x.o) (__fp_pscA)
/usr/lib/gcc/avr/6.2.0/../../../../avr/lib/avr5/libm.a(fp_pscB.o)
                              /usr/lib/gcc/avr/6.2.0/../../../../avr/lib/avr5/libm.a(addsf3x.o) (__fp_pscB)
/usr/lib/gcc/avr/6.2.0/../../../../avr/lib/avr5/libm.a(fp_round.o)
                              /usr/lib/gcc/avr/6.2.0/../../../../avr/lib/avr5/libm.a(addsf3.o) (__fp_round)
/usr/lib/gcc/avr/6.2.0/../../../../avr/lib/avr5/libm.a(fp_split3.o)
                              /usr/lib/gcc/avr/6.2.0/../../../../avr/lib/avr5/libm.a(addsf3x.o) (__fp_split3)
/usr/lib/gcc/avr/6.2.0/../../../../avr/lib/avr5/libm.a(fp_zero.o)
                              /usr/lib/gcc/avr/6.2.0/../../../../avr/lib/avr5/libm.a(addsf3x.o) (__fp_zero)
/usr/lib/gcc/avr/6.2.0/../../../../avr/lib/avr5/libm.a(mulsf3.o)
                              ./../librairie/libA.a(librairieFonctions.o) (__mulsf3)
/usr/lib/gcc/avr/6.2.0/../../../../avr/lib/avr5/libm.a(mulsf3x.o)
                              /usr/lib/gcc/avr/6.2.0/../../../../avr/lib/avr5/libm.a(mulsf3.o) (__mulsf3x)

Memory Configuration

Name             Origin             Length             Attributes
text             0x0000000000000000 0x0000000000020000 xr
data             0x0000000000800060 0x000000000000ffa0 rw !x
eeprom           0x0000000000810000 0x0000000000010000 rw !x
fuse             0x0000000000820000 0x0000000000000003 rw !x
lock             0x0000000000830000 0x0000000000000400 rw !x
signature        0x0000000000840000 0x0000000000000400 rw !x
user_signatures  0x0000000000850000 0x0000000000000400 rw !x
*default*        0x0000000000000000 0xffffffffffffffff

Linker script and memory map

Address of section .data set to 0x800100
LOAD /usr/lib/gcc/avr/6.2.0/../../../../avr/lib/avr5/crtatmega324pa.o
LOAD main.o
LOAD /usr/lib/gcc/avr/6.2.0/../../../../avr/lib/avr5/libm.a
LOAD ./../librairie/libA.a
START GROUP
LOAD /usr/lib/gcc/avr/6.2.0/avr5/libgcc.a
LOAD /usr/lib/gcc/avr/6.2.0/../../../../avr/lib/avr5/libm.a
LOAD /usr/lib/gcc/avr/6.2.0/../../../../avr/lib/avr5/libc.a
LOAD /usr/lib/gcc/avr/6.2.0/../../../../avr/lib/avr5/libatmega324pa.a
END GROUP
                0x0000000000020000                __TEXT_REGION_LENGTH__ = DEFINED (__TEXT_REGION_LENGTH__)?__TEXT_REGION_LENGTH__:0x20000
                0x000000000000ffa0                __DATA_REGION_LENGTH__ = DEFINED (__DATA_REGION_LENGTH__)?__DATA_REGION_LENGTH__:0xffa0
                0x0000000000010000                __EEPROM_REGION_LENGTH__ = DEFINED (__EEPROM_REGION_LENGTH__)?__EEPROM_REGION_LENGTH__:0x10000
                [0x0000000000000003]                __FUSE_REGION_LENGTH__ = DEFINED (__FUSE_REGION_LENGTH__)?__FUSE_REGION_LENGTH__:0x400
                0x0000000000000400                __LOCK_REGION_LENGTH__ = DEFINED (__LOCK_REGION_LENGTH__)?__LOCK_REGION_LENGTH__:0x400
                0x0000000000000400                __SIGNATURE_REGION_LENGTH__ = DEFINED (__SIGNATURE_REGION_LENGTH__)?__SIGNATURE_REGION_LENGTH__:0x400
                0x0000000000000400                __USER_SIGNATURE_REGION_LENGTH__ = DEFINED (__USER_SIGNATURE_REGION_LENGTH__)?__USER_SIGNATURE_REGION_LENGTH__:0x400

.hash
 *(.hash)

.dynsym
 *(.dynsym)

.dynstr
 *(.dynstr)

.gnu.version
 *(.gnu.version)

.gnu.version_d
 *(.gnu.version_d)

.gnu.version_r
 *(.gnu.version_r)

.rel.init
 *(.rel.init)

.rela.init
 *(.rela.init)

.rel.text
 *(.rel.text)
 *(.rel.text.*)
 *(.rel.gnu.linkonce.t*)

.rela.text
 *(.rela.text)
 *(.rela.text.*)
 *(.rela.gnu.linkonce.t*)

.rel.fini
 *(.rel.fini)

.rela.fini
 *(.rela.fini)

.rel.rodata
 *(.rel.rodata)
 *(.rel.rodata.*)
 *(.rel.gnu.linkonce.r*)

.rela.rodata
 *(.rela.rodata)
 *(.rela.rodata.*)
 *(.rela.gnu.linkonce.r*)

.rel.data
 *(.rel.data)
 *(.rel.data.*)
 *(.rel.gnu.linkonce.d*)

.rela.data
 *(.rela.data)
 *(.rela.data.*)
 *(.rela.gnu.linkonce.d*)

.rel.ctors
 *(.rel.ctors)

.rela.ctors
 *(.rela.ctors)

.rel.dtors
 *(.rel.dtors)

.rela.dtors
 *(.rela.dtors)

.rel.got
 *(.rel.got)

.rela.got
 *(.rela.got)

.rel.bss
 *(.rel.bss)

.rela.bss
 *(.rela.bss)

.rel.plt
 *(.rel.plt)

.rela.plt
 *(.rela.plt)

.text           0x0000000000000000     0x17ee
 *(.vectors)
 .vectors       0x0000000000000000       0x7c /usr/lib/gcc/avr/6.2.0/../../../../avr/lib/avr5/crtatmega324pa.o
                0x0000000000000000                __vectors
                0x0000000000000000                __vector_default
 *(.vectors)
 *(.progmem.gcc*)
                0x000000000000007c                . = ALIGN (0x2)
                0x000000000000007c                __trampolines_start = .
 *(.trampolines)
 .trampolines   0x000000000000007c        0x0 linker stubs
 *(.trampolines*)
                0x000000000000007c                __trampolines_end = .
 *libprintf_flt.a:*(.progmem.data)
 *libc.a:*(.progmem.data)
 *(.progmem*)
                0x000000000000007c                . = ALIGN (0x2)
 *(.jumptables)
 *(.jumptables*)
 *(.lowtext)
 *(.lowtext*)
                0x000000000000007c                __ctors_start = .
 *(.ctors)
                0x000000000000007c                __ctors_end = .
                0x000000000000007c                __dtors_start = .
 *(.dtors)
                0x000000000000007c                __dtors_end = .
 SORT(*)(.ctors)
 SORT(*)(.dtors)
 *(.init0)
 .init0         0x000000000000007c        0x0 /usr/lib/gcc/avr/6.2.0/../../../../avr/lib/avr5/crtatmega324pa.o
                0x000000000000007c                __init
 *(.init0)
 *(.init1)
 *(.init1)
 *(.init2)
 .init2         0x000000000000007c        0xc /usr/lib/gcc/avr/6.2.0/../../../../avr/lib/avr5/crtatmega324pa.o
 *(.init2)
 *(.init3)
 *(.init3)
 *(.init4)
 .init4         0x0000000000000088       0x16 /usr/lib/gcc/avr/6.2.0/avr5/libgcc.a(_copy_data.o)
                0x0000000000000088                __do_copy_data
 .init4         0x000000000000009e       0x10 /usr/lib/gcc/avr/6.2.0/avr5/libgcc.a(_clear_bss.o)
                0x000000000000009e                __do_clear_bss
 *(.init4)
 *(.init5)
 *(.init5)
 *(.init6)
 *(.init6)
 *(.init7)
 *(.init7)
 *(.init8)
 *(.init8)
 *(.init9)
 .init9         0x00000000000000ae        0x8 /usr/lib/gcc/avr/6.2.0/../../../../avr/lib/avr5/crtatmega324pa.o
 *(.init9)
 *(.text)
 .text          0x00000000000000b6        0x4 /usr/lib/gcc/avr/6.2.0/../../../../avr/lib/avr5/crtatmega324pa.o
                0x00000000000000b6                __vector_22
                0x00000000000000b6                __vector_28
                0x00000000000000b6                __vector_24
                0x00000000000000b6                __vector_12
                0x00000000000000b6                __bad_interrupt
                0x00000000000000b6                __vector_6
                0x00000000000000b6                __vector_23
                0x00000000000000b6                __vector_30
                0x00000000000000b6                __vector_25
                0x00000000000000b6                __vector_11
                0x00000000000000b6                __vector_13
                0x00000000000000b6                __vector_17
                0x00000000000000b6                __vector_19
                0x00000000000000b6                __vector_7
                0x00000000000000b6                __vector_27
                0x00000000000000b6                __vector_5
                0x00000000000000b6                __vector_4
                0x00000000000000b6                __vector_2
                0x00000000000000b6                __vector_21
                0x00000000000000b6                __vector_15
                0x00000000000000b6                __vector_29
                0x00000000000000b6                __vector_8
                0x00000000000000b6                __vector_26
                0x00000000000000b6                __vector_14
                0x00000000000000b6                __vector_10
                0x00000000000000b6                __vector_16
                0x00000000000000b6                __vector_18
                0x00000000000000b6                __vector_20
 .text          0x00000000000000ba      0x190 main.o
                0x00000000000000ba                __vector_1
                0x0000000000000144                __vector_3
                0x00000000000001dc                __vector_9
 .text          0x000000000000024a       0x58 ./../librairie/libA.a(can.o)
                0x000000000000024a                _ZN3canC2Ev
                0x000000000000024a                _ZN3canC1Ev
                0x0000000000000256                _ZN3canD1Ev
                0x0000000000000256                _ZN3canD2Ev
                0x000000000000025c                _ZN3can7lectureEh
 .text          0x00000000000002a2      0x27c ./../librairie/libA.a(capteurs.o)
                0x00000000000002a2                _ZN8Capteurs9getSensorEh
                0x00000000000002ac                _ZN8CapteursC1Ev
                0x00000000000002ac                _ZN8CapteursC2Ev
                0x00000000000002bc                _ZN8Capteurs7lectureEv
                0x00000000000002e4                _ZN8Capteurs12lineTrackingEv
                0x0000000000000342                _ZN8Capteurs13tournerGaucheEv
                0x0000000000000378                _ZN8Capteurs13tournerDroiteEv
                0x00000000000003ae                _ZN8Capteurs18intersectionGaucheEv
                0x00000000000003ec                _ZN8Capteurs18intersectionDroiteEv
                0x000000000000042c                _ZN8Capteurs15estIntersectionEv
                0x0000000000000450                _ZN8Capteurs8estPerduEv
                0x00000000000004b6                _ZN8Capteurs16tourner180GaucheEv
                0x00000000000004ea                _ZN8Capteurs16tourner180DroiteEv
 .text          0x000000000000051e      0x75a ./../librairie/libA.a(librairieFonctions.o)
                0x000000000000051e                _Z23verifierRebondMecaniquev
                0x0000000000000540                _Z22ajustementPwmFrequenced
                0x0000000000000598                _Z24initialisationPwmMoteursv
                0x00000000000005c6                _Z20ajustementPwmMoteurshh
                0x0000000000000668                _Z18initialisationINT0bb
                0x0000000000000692                _Z18initialisationINT1bb
                0x00000000000006d6                _Z18initialisationINT2bb
                0x000000000000071a                _Z23initialisationMinuteriev
                0x000000000000075a                _Z9minuterieh
                0x000000000000079e                _Z7ecrire1ci
                0x0000000000000804                _Z7ecrire0ci
                0x0000000000000872                _Z16transmissionUARTh
                0x0000000000000880                _Z13receptionUARTv
                0x000000000000088e                _Z18initialisationUARTv
                0x00000000000008dc                _Z14readMemoryUARTjjPhR13Memoire24CXXX
                0x0000000000000930                _Z13jouerSonoriteh
                0x0000000000000b06                _Z16decodeurByteCodehhRhRbS0_
 .text          0x0000000000000c78      0x376 ./../librairie/libA.a(memoire_24.o)
                0x0000000000000c78                _ZN13Memoire24CXXXD2Ev
                0x0000000000000c78                _ZN13Memoire24CXXXD1Ev
                0x0000000000000c7a                _ZN13Memoire24CXXX4initEv
                0x0000000000000c8c                _ZN13Memoire24CXXXC2Ev
                0x0000000000000c8c                _ZN13Memoire24CXXXC1Ev
                0x0000000000000c96                _ZN13Memoire24CXXX12choisir_bancEh
                0x0000000000000cac                _ZN13Memoire24CXXX7lectureEjPh
                0x0000000000000d6e                _ZN13Memoire24CXXX7lectureEjPhh
                0x0000000000000e36                _ZN13Memoire24CXXX8ecritureEjh
                0x0000000000000ec6                _ZN13Memoire24CXXX14ecriture_delayEjh
                0x0000000000000ed8                _ZN13Memoire24CXXX11ecrire_pageEjPhh
                0x0000000000000f96                _ZN13Memoire24CXXX8ecritureEjPhh
                0x0000000000000fdc                _ZN13Memoire24CXXX14ecriture_delayEjPhh
 .text          0x0000000000000fee        0x0 /usr/lib/gcc/avr/6.2.0/avr5/libgcc.a(_divmodhi4.o)
 .text          0x0000000000000fee        0x0 /usr/lib/gcc/avr/6.2.0/avr5/libgcc.a(_exit.o)
 .text          0x0000000000000fee        0x0 /usr/lib/gcc/avr/6.2.0/avr5/libgcc.a(_tablejump2.o)
 .text          0x0000000000000fee        0x0 /usr/lib/gcc/avr/6.2.0/avr5/libgcc.a(_copy_data.o)
 .text          0x0000000000000fee        0x0 /usr/lib/gcc/avr/6.2.0/avr5/libgcc.a(_clear_bss.o)
 .text          0x0000000000000fee        0x0 /usr/lib/gcc/avr/6.2.0/avr5/libgcc.a(_udivmodhi4.o)
 .text          0x0000000000000fee        0x0 /usr/lib/gcc/avr/6.2.0/../../../../avr/lib/avr5/libm.a(addsf3.o)
 .text          0x0000000000000fee        0x0 /usr/lib/gcc/avr/6.2.0/../../../../avr/lib/avr5/libm.a(addsf3x.o)
 .text          0x0000000000000fee        0x0 /usr/lib/gcc/avr/6.2.0/../../../../avr/lib/avr5/libm.a(divsf3.o)
 .text          0x0000000000000fee        0x0 /usr/lib/gcc/avr/6.2.0/../../../../avr/lib/avr5/libm.a(divsf3x.o)
 .text          0x0000000000000fee        0x0 /usr/lib/gcc/avr/6.2.0/../../../../avr/lib/avr5/libm.a(fixunssfsi.o)
 .text          0x0000000000000fee        0x0 /usr/lib/gcc/avr/6.2.0/../../../../avr/lib/avr5/libm.a(floatsisf.o)
 .text          0x0000000000000fee        0x0 /usr/lib/gcc/avr/6.2.0/../../../../avr/lib/avr5/libm.a(fp_inf.o)
 .text          0x0000000000000fee        0x0 /usr/lib/gcc/avr/6.2.0/../../../../avr/lib/avr5/libm.a(fp_nan.o)
 .text          0x0000000000000fee        0x0 /usr/lib/gcc/avr/6.2.0/../../../../avr/lib/avr5/libm.a(fp_pscA.o)
 .text          0x0000000000000fee        0x0 /usr/lib/gcc/avr/6.2.0/../../../../avr/lib/avr5/libm.a(fp_pscB.o)
 .text          0x0000000000000fee        0x0 /usr/lib/gcc/avr/6.2.0/../../../../avr/lib/avr5/libm.a(fp_round.o)
 .text          0x0000000000000fee        0x0 /usr/lib/gcc/avr/6.2.0/../../../../avr/lib/avr5/libm.a(fp_split3.o)
 .text          0x0000000000000fee        0x0 /usr/lib/gcc/avr/6.2.0/../../../../avr/lib/avr5/libm.a(fp_zero.o)
 .text          0x0000000000000fee        0x0 /usr/lib/gcc/avr/6.2.0/../../../../avr/lib/avr5/libm.a(mulsf3.o)
 .text          0x0000000000000fee        0x0 /usr/lib/gcc/avr/6.2.0/../../../../avr/lib/avr5/libm.a(mulsf3x.o)
                0x0000000000000fee                . = ALIGN (0x2)
 *(.text.*)
 .text.startup  0x0000000000000fee      0x38e main.o
                0x0000000000000fee                main
 .text.libgcc.mul
                0x000000000000137c        0x0 /usr/lib/gcc/avr/6.2.0/avr5/libgcc.a(_divmodhi4.o)
 .text.libgcc.div
                0x000000000000137c       0x28 /usr/lib/gcc/avr/6.2.0/avr5/libgcc.a(_divmodhi4.o)
                0x000000000000137c                __divmodhi4
                0x000000000000137c                _div
 .text.libgcc   0x00000000000013a4        0x0 /usr/lib/gcc/avr/6.2.0/avr5/libgcc.a(_divmodhi4.o)
 .text.libgcc.prologue
                0x00000000000013a4        0x0 /usr/lib/gcc/avr/6.2.0/avr5/libgcc.a(_divmodhi4.o)
 .text.libgcc.builtins
                0x00000000000013a4        0x0 /usr/lib/gcc/avr/6.2.0/avr5/libgcc.a(_divmodhi4.o)
 .text.libgcc.fmul
                0x00000000000013a4        0x0 /usr/lib/gcc/avr/6.2.0/avr5/libgcc.a(_divmodhi4.o)
 .text.libgcc.fixed
                0x00000000000013a4        0x0 /usr/lib/gcc/avr/6.2.0/avr5/libgcc.a(_divmodhi4.o)
 .text.libgcc.mul
                0x00000000000013a4        0x0 /usr/lib/gcc/avr/6.2.0/avr5/libgcc.a(_exit.o)
 .text.libgcc.div
                0x00000000000013a4        0x0 /usr/lib/gcc/avr/6.2.0/avr5/libgcc.a(_exit.o)
 .text.libgcc   0x00000000000013a4        0x0 /usr/lib/gcc/avr/6.2.0/avr5/libgcc.a(_exit.o)
 .text.libgcc.prologue
                0x00000000000013a4        0x0 /usr/lib/gcc/avr/6.2.0/avr5/libgcc.a(_exit.o)
 .text.libgcc.builtins
                0x00000000000013a4        0x0 /usr/lib/gcc/avr/6.2.0/avr5/libgcc.a(_exit.o)
 .text.libgcc.fmul
                0x00000000000013a4        0x0 /usr/lib/gcc/avr/6.2.0/avr5/libgcc.a(_exit.o)
 .text.libgcc.fixed
                0x00000000000013a4        0x0 /usr/lib/gcc/avr/6.2.0/avr5/libgcc.a(_exit.o)
 .text.libgcc.mul
                0x00000000000013a4        0x0 /usr/lib/gcc/avr/6.2.0/avr5/libgcc.a(_tablejump2.o)
 .text.libgcc.div
                0x00000000000013a4        0x0 /usr/lib/gcc/avr/6.2.0/avr5/libgcc.a(_tablejump2.o)
 .text.libgcc   0x00000000000013a4        0xc /usr/lib/gcc/avr/6.2.0/avr5/libgcc.a(_tablejump2.o)
                0x00000000000013a4                __tablejump2__
 .text.libgcc.prologue
                0x00000000000013b0        0x0 /usr/lib/gcc/avr/6.2.0/avr5/libgcc.a(_tablejump2.o)
 .text.libgcc.builtins
                0x00000000000013b0        0x0 /usr/lib/gcc/avr/6.2.0/avr5/libgcc.a(_tablejump2.o)
 .text.libgcc.fmul
                0x00000000000013b0        0x0 /usr/lib/gcc/avr/6.2.0/avr5/libgcc.a(_tablejump2.o)
 .text.libgcc.fixed
                0x00000000000013b0        0x0 /usr/lib/gcc/avr/6.2.0/avr5/libgcc.a(_tablejump2.o)
 .text.libgcc.mul
                0x00000000000013b0        0x0 /usr/lib/gcc/avr/6.2.0/avr5/libgcc.a(_copy_data.o)
 .text.libgcc.div
                0x00000000000013b0        0x0 /usr/lib/gcc/avr/6.2.0/avr5/libgcc.a(_copy_data.o)
 .text.libgcc   0x00000000000013b0        0x0 /usr/lib/gcc/avr/6.2.0/avr5/libgcc.a(_copy_data.o)
 .text.libgcc.prologue
                0x00000000000013b0        0x0 /usr/lib/gcc/avr/6.2.0/avr5/libgcc.a(_copy_data.o)
 .text.libgcc.builtins
                0x00000000000013b0        0x0 /usr/lib/gcc/avr/6.2.0/avr5/libgcc.a(_copy_data.o)
 .text.libgcc.fmul
                0x00000000000013b0        0x0 /usr/lib/gcc/avr/6.2.0/avr5/libgcc.a(_copy_data.o)
 .text.libgcc.fixed
                0x00000000000013b0        0x0 /usr/lib/gcc/avr/6.2.0/avr5/libgcc.a(_copy_data.o)
 .text.libgcc.mul
                0x00000000000013b0        0x0 /usr/lib/gcc/avr/6.2.0/avr5/libgcc.a(_clear_bss.o)
 .text.libgcc.div
                0x00000000000013b0        0x0 /usr/lib/gcc/avr/6.2.0/avr5/libgcc.a(_clear_bss.o)
 .text.libgcc   0x00000000000013b0        0x0 /usr/lib/gcc/avr/6.2.0/avr5/libgcc.a(_clear_bss.o)
 .text.libgcc.prologue
                0x00000000000013b0        0x0 /usr/lib/gcc/avr/6.2.0/avr5/libgcc.a(_clear_bss.o)
 .text.libgcc.builtins
                0x00000000000013b0        0x0 /usr/lib/gcc/avr/6.2.0/avr5/libgcc.a(_clear_bss.o)
 .text.libgcc.fmul
                0x00000000000013b0        0x0 /usr/lib/gcc/avr/6.2.0/avr5/libgcc.a(_clear_bss.o)
 .text.libgcc.fixed
                0x00000000000013b0        0x0 /usr/lib/gcc/avr/6.2.0/avr5/libgcc.a(_clear_bss.o)
 .text.libgcc.mul
                0x00000000000013b0        0x0 /usr/lib/gcc/avr/6.2.0/avr5/libgcc.a(_udivmodhi4.o)
 .text.libgcc.div
                0x00000000000013b0       0x28 /usr/lib/gcc/avr/6.2.0/avr5/libgcc.a(_udivmodhi4.o)
                0x00000000000013b0                __udivmodhi4
 .text.libgcc   0x00000000000013d8        0x0 /usr/lib/gcc/avr/6.2.0/avr5/libgcc.a(_udivmodhi4.o)
 .text.libgcc.prologue
                0x00000000000013d8        0x0 /usr/lib/gcc/avr/6.2.0/avr5/libgcc.a(_udivmodhi4.o)
 .text.libgcc.builtins
                0x00000000000013d8        0x0 /usr/lib/gcc/avr/6.2.0/avr5/libgcc.a(_udivmodhi4.o)
 .text.libgcc.fmul
                0x00000000000013d8        0x0 /usr/lib/gcc/avr/6.2.0/avr5/libgcc.a(_udivmodhi4.o)
 .text.libgcc.fixed
                0x00000000000013d8        0x0 /usr/lib/gcc/avr/6.2.0/avr5/libgcc.a(_udivmodhi4.o)
 .text.avr-libc.fplib
                0x00000000000013d8        0xe /usr/lib/gcc/avr/6.2.0/../../../../avr/lib/avr5/libm.a(addsf3.o)
                0x00000000000013d8                __subsf3
                0x00000000000013da                __addsf3
 .text.avr-libc.fplib
                0x00000000000013e6       0xcc /usr/lib/gcc/avr/6.2.0/../../../../avr/lib/avr5/libm.a(addsf3x.o)
                0x0000000000001408                __addsf3x
 .text.avr-libc.fplib
                0x00000000000014b2        0x8 /usr/lib/gcc/avr/6.2.0/../../../../avr/lib/avr5/libm.a(divsf3.o)
                0x00000000000014b2                __divsf3
 .text.avr-libc.fplib
                0x00000000000014ba       0xdc /usr/lib/gcc/avr/6.2.0/../../../../avr/lib/avr5/libm.a(divsf3x.o)
                0x00000000000014da                __divsf3x
                0x00000000000014e0                __divsf3_pse
 .text.avr-libc.fplib
                0x0000000000001596       0x5e /usr/lib/gcc/avr/6.2.0/../../../../avr/lib/avr5/libm.a(fixunssfsi.o)
                0x0000000000001596                __fixunssfsi
 .text.avr-libc.fplib
                0x00000000000015f4       0x7a /usr/lib/gcc/avr/6.2.0/../../../../avr/lib/avr5/libm.a(floatsisf.o)
                0x00000000000015f4                __floatunsisf
                0x00000000000015f8                __floatsisf
 .text.avr-libc.fplib
                0x000000000000166e        0xc /usr/lib/gcc/avr/6.2.0/../../../../avr/lib/avr5/libm.a(fp_inf.o)
                0x000000000000166e                __fp_inf
 .text.avr-libc.fplib
                0x000000000000167a        0x6 /usr/lib/gcc/avr/6.2.0/../../../../avr/lib/avr5/libm.a(fp_nan.o)
                0x000000000000167a                __fp_nan
 .text.avr-libc.fplib
                0x0000000000001680        0xe /usr/lib/gcc/avr/6.2.0/../../../../avr/lib/avr5/libm.a(fp_pscA.o)
                0x0000000000001680                __fp_pscA
 .text.avr-libc.fplib
                0x000000000000168e        0xe /usr/lib/gcc/avr/6.2.0/../../../../avr/lib/avr5/libm.a(fp_pscB.o)
                0x000000000000168e                __fp_pscB
 .text.avr-libc.fplib
                0x000000000000169c       0x22 /usr/lib/gcc/avr/6.2.0/../../../../avr/lib/avr5/libm.a(fp_round.o)
                0x000000000000169c                __fp_round
 .text.avr-libc.fplib
                0x00000000000016be       0x44 /usr/lib/gcc/avr/6.2.0/../../../../avr/lib/avr5/libm.a(fp_split3.o)
                0x00000000000016be                __fp_split3
                0x00000000000016ce                __fp_splitA
 .text.avr-libc.fplib
                0x0000000000001702        0xe /usr/lib/gcc/avr/6.2.0/../../../../avr/lib/avr5/libm.a(fp_zero.o)
                0x0000000000001702                __fp_zero
                0x0000000000001704                __fp_szero
 .text.avr-libc.fplib
                0x0000000000001710        0x8 /usr/lib/gcc/avr/6.2.0/../../../../avr/lib/avr5/libm.a(mulsf3.o)
                0x0000000000001710                __mulsf3
 .text.avr-libc.fplib
                0x0000000000001718       0xd2 /usr/lib/gcc/avr/6.2.0/../../../../avr/lib/avr5/libm.a(mulsf3x.o)
                0x0000000000001736                __mulsf3x
                0x000000000000173c                __mulsf3_pse
                0x00000000000017ea                . = ALIGN (0x2)
 *(.fini9)
 .fini9         0x00000000000017ea        0x0 /usr/lib/gcc/avr/6.2.0/avr5/libgcc.a(_exit.o)
                0x00000000000017ea                exit
                0x00000000000017ea                _exit
 *(.fini9)
 *(.fini8)
 *(.fini8)
 *(.fini7)
 *(.fini7)
 *(.fini6)
 *(.fini6)
 *(.fini5)
 *(.fini5)
 *(.fini4)
 *(.fini4)
 *(.fini3)
 *(.fini3)
 *(.fini2)
 *(.fini2)
 *(.fini1)
 *(.fini1)
 *(.fini0)
 .fini0         0x00000000000017ea        0x4 /usr/lib/gcc/avr/6.2.0/avr5/libgcc.a(_exit.o)
 *(.fini0)
                0x00000000000017ee                _etext = .

.data           0x0000000000800100        0x2 load address 0x00000000000017ee
                0x0000000000800100                PROVIDE (__data_start, .)
 *(.data)
 .data          0x0000000000800100        0x0 /usr/lib/gcc/avr/6.2.0/../../../../avr/lib/avr5/crtatmega324pa.o
 .data          0x0000000000800100        0x0 main.o
 .data          0x0000000000800100        0x0 ./../librairie/libA.a(can.o)
 .data          0x0000000000800100        0x0 ./../librairie/libA.a(capteurs.o)
 .data          0x0000000000800100        0x0 ./../librairie/libA.a(librairieFonctions.o)
 .data          0x0000000000800100        0x1 ./../librairie/libA.a(memoire_24.o)
                0x0000000000800100                _ZN13Memoire24CXXX22m_adresse_peripheriqueE
 .data          0x0000000000800101        0x0 /usr/lib/gcc/avr/6.2.0/avr5/libgcc.a(_divmodhi4.o)
 .data          0x0000000000800101        0x0 /usr/lib/gcc/avr/6.2.0/avr5/libgcc.a(_exit.o)
 .data          0x0000000000800101        0x0 /usr/lib/gcc/avr/6.2.0/avr5/libgcc.a(_tablejump2.o)
 .data          0x0000000000800101        0x0 /usr/lib/gcc/avr/6.2.0/avr5/libgcc.a(_copy_data.o)
 .data          0x0000000000800101        0x0 /usr/lib/gcc/avr/6.2.0/avr5/libgcc.a(_clear_bss.o)
 .data          0x0000000000800101        0x0 /usr/lib/gcc/avr/6.2.0/avr5/libgcc.a(_udivmodhi4.o)
 .data          0x0000000000800101        0x0 /usr/lib/gcc/avr/6.2.0/../../../../avr/lib/avr5/libm.a(addsf3.o)
 .data          0x0000000000800101        0x0 /usr/lib/gcc/avr/6.2.0/../../../../avr/lib/avr5/libm.a(addsf3x.o)
 .data          0x0000000000800101        0x0 /usr/lib/gcc/avr/6.2.0/../../../../avr/lib/avr5/libm.a(divsf3.o)
 .data          0x0000000000800101        0x0 /usr/lib/gcc/avr/6.2.0/../../../../avr/lib/avr5/libm.a(divsf3x.o)
 .data          0x0000000000800101        0x0 /usr/lib/gcc/avr/6.2.0/../../../../avr/lib/avr5/libm.a(fixunssfsi.o)
 .data          0x0000000000800101        0x0 /usr/lib/gcc/avr/6.2.0/../../../../avr/lib/avr5/libm.a(floatsisf.o)
 .data          0x0000000000800101        0x0 /usr/lib/gcc/avr/6.2.0/../../../../avr/lib/avr5/libm.a(fp_inf.o)
 .data          0x0000000000800101        0x0 /usr/lib/gcc/avr/6.2.0/../../../../avr/lib/avr5/libm.a(fp_nan.o)
 .data          0x0000000000800101        0x0 /usr/lib/gcc/avr/6.2.0/../../../../avr/lib/avr5/libm.a(fp_pscA.o)
 .data          0x0000000000800101        0x0 /usr/lib/gcc/avr/6.2.0/../../../../avr/lib/avr5/libm.a(fp_pscB.o)
 .data          0x0000000000800101        0x0 /usr/lib/gcc/avr/6.2.0/../../../../avr/lib/avr5/libm.a(fp_round.o)
 .data          0x0000000000800101        0x0 /usr/lib/gcc/avr/6.2.0/../../../../avr/lib/avr5/libm.a(fp_split3.o)
 .data          0x0000000000800101        0x0 /usr/lib/gcc/avr/6.2.0/../../../../avr/lib/avr5/libm.a(fp_zero.o)
 .data          0x0000000000800101        0x0 /usr/lib/gcc/avr/6.2.0/../../../../avr/lib/avr5/libm.a(mulsf3.o)
 .data          0x0000000000800101        0x0 /usr/lib/gcc/avr/6.2.0/../../../../avr/lib/avr5/libm.a(mulsf3x.o)
 *(.data*)
 *(.rodata)
 *(.rodata*)
 *(.gnu.linkonce.d*)
                0x0000000000800102                . = ALIGN (0x2)
 *fill*         0x0000000000800101        0x1 
                0x0000000000800102                _edata = .
                0x0000000000800102                PROVIDE (__data_end, .)

.bss            0x0000000000800102        0x6
                0x0000000000800102                PROVIDE (__bss_start, .)
 *(.bss)
 .bss           0x0000000000800102        0x0 /usr/lib/gcc/avr/6.2.0/../../../../avr/lib/avr5/crtatmega324pa.o
 .bss           0x0000000000800102        0x6 main.o
                0x0000000000800102                compteurInterrupt
                0x0000000000800103                cote
                0x0000000000800104                compteurIntersection
                0x0000000000800105                commencerParking
                0x0000000000800106                etat
                0x0000000000800107                couleurChoisie
 .bss           0x0000000000800108        0x0 ./../librairie/libA.a(can.o)
 .bss           0x0000000000800108        0x0 ./../librairie/libA.a(capteurs.o)
 .bss           0x0000000000800108        0x0 ./../librairie/libA.a(librairieFonctions.o)
 .bss           0x0000000000800108        0x0 ./../librairie/libA.a(memoire_24.o)
 .bss           0x0000000000800108        0x0 /usr/lib/gcc/avr/6.2.0/avr5/libgcc.a(_divmodhi4.o)
 .bss           0x0000000000800108        0x0 /usr/lib/gcc/avr/6.2.0/avr5/libgcc.a(_exit.o)
 .bss           0x0000000000800108        0x0 /usr/lib/gcc/avr/6.2.0/avr5/libgcc.a(_tablejump2.o)
 .bss           0x0000000000800108        0x0 /usr/lib/gcc/avr/6.2.0/avr5/libgcc.a(_copy_data.o)
 .bss           0x0000000000800108        0x0 /usr/lib/gcc/avr/6.2.0/avr5/libgcc.a(_clear_bss.o)
 .bss           0x0000000000800108        0x0 /usr/lib/gcc/avr/6.2.0/avr5/libgcc.a(_udivmodhi4.o)
 .bss           0x0000000000800108        0x0 /usr/lib/gcc/avr/6.2.0/../../../../avr/lib/avr5/libm.a(addsf3.o)
 .bss           0x0000000000800108        0x0 /usr/lib/gcc/avr/6.2.0/../../../../avr/lib/avr5/libm.a(addsf3x.o)
 .bss           0x0000000000800108        0x0 /usr/lib/gcc/avr/6.2.0/../../../../avr/lib/avr5/libm.a(divsf3.o)
 .bss           0x0000000000800108        0x0 /usr/lib/gcc/avr/6.2.0/../../../../avr/lib/avr5/libm.a(divsf3x.o)
 .bss           0x0000000000800108        0x0 /usr/lib/gcc/avr/6.2.0/../../../../avr/lib/avr5/libm.a(fixunssfsi.o)
 .bss           0x0000000000800108        0x0 /usr/lib/gcc/avr/6.2.0/../../../../avr/lib/avr5/libm.a(floatsisf.o)
 .bss           0x0000000000800108        0x0 /usr/lib/gcc/avr/6.2.0/../../../../avr/lib/avr5/libm.a(fp_inf.o)
 .bss           0x0000000000800108        0x0 /usr/lib/gcc/avr/6.2.0/../../../../avr/lib/avr5/libm.a(fp_nan.o)
 .bss           0x0000000000800108        0x0 /usr/lib/gcc/avr/6.2.0/../../../../avr/lib/avr5/libm.a(fp_pscA.o)
 .bss           0x0000000000800108        0x0 /usr/lib/gcc/avr/6.2.0/../../../../avr/lib/avr5/libm.a(fp_pscB.o)
 .bss           0x0000000000800108        0x0 /usr/lib/gcc/avr/6.2.0/../../../../avr/lib/avr5/libm.a(fp_round.o)
 .bss           0x0000000000800108        0x0 /usr/lib/gcc/avr/6.2.0/../../../../avr/lib/avr5/libm.a(fp_split3.o)
 .bss           0x0000000000800108        0x0 /usr/lib/gcc/avr/6.2.0/../../../../avr/lib/avr5/libm.a(fp_zero.o)
 .bss           0x0000000000800108        0x0 /usr/lib/gcc/avr/6.2.0/../../../../avr/lib/avr5/libm.a(mulsf3.o)
 .bss           0x0000000000800108        0x0 /usr/lib/gcc/avr/6.2.0/../../../../avr/lib/avr5/libm.a(mulsf3x.o)
 *(.bss*)
 *(COMMON)
                0x0000000000800108                PROVIDE (__bss_end, .)
                0x00000000000017ee                __data_load_start = LOADADDR (.data)
                0x00000000000017f0                __data_load_end = (__data_load_start + SIZEOF (.data))

.noinit         0x0000000000800108        0x0
                [!provide]                        PROVIDE (__noinit_start, .)
 *(.noinit*)
                [!provide]                        PROVIDE (__noinit_end, .)
                0x0000000000800108                _end = .
                [!provide]                        PROVIDE (__heap_start, .)

.eeprom         0x0000000000810000        0x0
 *(.eeprom*)
                0x0000000000810000                __eeprom_end = .

.fuse
 *(.fuse)
 *(.lfuse)
 *(.hfuse)
 *(.efuse)

.lock
 *(.lock*)

.signature
 *(.signature*)

.stab           0x0000000000000000     0x4a1c
 *(.stab)
 .stab          0x0000000000000000      0xe28 main.o
 .stab          0x0000000000000e28      0x630 ./../librairie/libA.a(can.o)
                                        0x63c (size before relaxing)
 .stab          0x0000000000001458      0xcf0 ./../librairie/libA.a(capteurs.o)
                                        0xcfc (size before relaxing)
 .stab          0x0000000000002148     0x138c ./../librairie/libA.a(librairieFonctions.o)
                                       0x1398 (size before relaxing)
 .stab          0x00000000000034d4     0x1020 ./../librairie/libA.a(memoire_24.o)
                                       0x102c (size before relaxing)
 .stab          0x00000000000044f4      0x138 /usr/lib/gcc/avr/6.2.0/avr5/libgcc.a(_divmodhi4.o)
                                        0x144 (size before relaxing)
 .stab          0x000000000000462c       0x6c /usr/lib/gcc/avr/6.2.0/avr5/libgcc.a(_exit.o)
                                         0x78 (size before relaxing)
 .stab          0x0000000000004698       0x9c /usr/lib/gcc/avr/6.2.0/avr5/libgcc.a(_tablejump2.o)
                                         0xa8 (size before relaxing)
 .stab          0x0000000000004734       0xd8 /usr/lib/gcc/avr/6.2.0/avr5/libgcc.a(_copy_data.o)
                                         0xe4 (size before relaxing)
 .stab          0x000000000000480c       0xb4 /usr/lib/gcc/avr/6.2.0/avr5/libgcc.a(_clear_bss.o)
                                         0xc0 (size before relaxing)
 .stab          0x00000000000048c0      0x15c /usr/lib/gcc/avr/6.2.0/avr5/libgcc.a(_udivmodhi4.o)
                                        0x168 (size before relaxing)

.stabstr        0x0000000000000000     0x37a2
 *(.stabstr)
 .stabstr       0x0000000000000000     0x37a2 main.o

.stab.excl
 *(.stab.excl)

.stab.exclstr
 *(.stab.exclstr)

.stab.index
 *(.stab.index)

.stab.indexstr
 *(.stab.indexstr)

.comment        0x0000000000000000       0x21
 *(.comment)
 .comment       0x0000000000000000       0x21 main.o
                                         0x22 (size before relaxing)
 .comment       0x0000000000000021       0x22 ./../librairie/libA.a(can.o)
 .comment       0x0000000000000021       0x22 ./../librairie/libA.a(capteurs.o)
 .comment       0x0000000000000021       0x22 ./../librairie/libA.a(librairieFonctions.o)
 .comment       0x0000000000000021       0x22 ./../librairie/libA.a(memoire_24.o)

.note.gnu.avr.deviceinfo
                0x0000000000000000       0x40
 .note.gnu.avr.deviceinfo
                0x0000000000000000       0x40 /usr/lib/gcc/avr/6.2.0/../../../../avr/lib/avr5/crtatmega324pa.o

.avr.prop       0x0000000000000000       0x2c
 .avr.prop      0x0000000000000000       0x16 main.o
 .avr.prop      0x0000000000000016       0x16 ./../librairie/libA.a(librairieFonctions.o)

.note.gnu.build-id
 *(.note.gnu.build-id)

.debug
 *(.debug)

.line
 *(.line)

.debug_srcinfo
 *(.debug_srcinfo)

.debug_sfnames
 *(.debug_sfnames)

.debug_aranges
 *(.debug_aranges)

.debug_pubnames
 *(.debug_pubnames)

.debug_info     0x0000000000000000      0x6cc
 *(.debug_info .gnu.linkonce.wi.*)
 .debug_info    0x0000000000000000      0x6cc /usr/lib/gcc/avr/6.2.0/../../../../avr/lib/avr5/crtatmega324pa.o

.debug_abbrev   0x0000000000000000      0x66e
 *(.debug_abbrev)
 .debug_abbrev  0x0000000000000000      0x66e /usr/lib/gcc/avr/6.2.0/../../../../avr/lib/avr5/crtatmega324pa.o

.debug_line     0x0000000000000000       0x1d
 *(.debug_line .debug_line.* .debug_line_end)
 .debug_line    0x0000000000000000       0x1d /usr/lib/gcc/avr/6.2.0/../../../../avr/lib/avr5/crtatmega324pa.o

.debug_frame
 *(.debug_frame)

.debug_str      0x0000000000000000      0x255
 *(.debug_str)
 .debug_str     0x0000000000000000      0x255 /usr/lib/gcc/avr/6.2.0/../../../../avr/lib/avr5/crtatmega324pa.o

.debug_loc
 *(.debug_loc)

.debug_macinfo
 *(.debug_macinfo)

.debug_weaknames
 *(.debug_weaknames)

.debug_funcnames
 *(.debug_funcnames)

.debug_typenames
 *(.debug_typenames)

.debug_varnames
 *(.debug_varnames)

.debug_pubtypes
 *(.debug_pubtypes)

.debug_ranges
 *(.debug_ranges)

.debug_macro
 *(.debug_macro)
OUTPUT(main.out elf32-avr)
LOAD linker stubs
