Archive member included to satisfy reference by file (symbol)

./../librairie/libA.a(capteurs.o)
                              main.o (_ZN8Capteurs9getSensorEh)
./../librairie/libA.a(librairieFonctions.o)
                              main.o (_Z24initialisationPwmMoteursv)
./../librairie/libA.a(memoire_24.o)
                              ./../librairie/libA.a(librairieFonctions.o) (_ZN13Memoire24CXXX7lectureEjPh)
/usr/lib/gcc/avr/6.2.0/avr5/libgcc.a(_divmodhi4.o)
                              ./../librairie/libA.a(librairieFonctions.o) (__divmodhi4)
/usr/lib/gcc/avr/6.2.0/avr5/libgcc.a(_exit.o)
                              /usr/lib/gcc/avr/6.2.0/../../../../avr/lib/avr5/crtatmega324pa.o (exit)
/usr/lib/gcc/avr/6.2.0/avr5/libgcc.a(_tablejump2.o)
                              ./../librairie/libA.a(librairieFonctions.o) (__tablejump2__)
/usr/lib/gcc/avr/6.2.0/avr5/libgcc.a(_copy_data.o)
                              main.o (__do_copy_data)
/usr/lib/gcc/avr/6.2.0/avr5/libgcc.a(_clear_bss.o)
                              main.o (__do_clear_bss)
/usr/lib/gcc/avr/6.2.0/avr5/libgcc.a(_udivmodhi4.o)
                              /usr/lib/gcc/avr/6.2.0/avr5/libgcc.a(_divmodhi4.o) (__udivmodhi4)
/usr/lib/gcc/avr/6.2.0/../../../../avr/lib/avr5/libm.a(addsf3.o)
                              ./../librairie/libA.a(librairieFonctions.o) (__subsf3)
/usr/lib/gcc/avr/6.2.0/../../../../avr/lib/avr5/libm.a(addsf3x.o)
                              /usr/lib/gcc/avr/6.2.0/../../../../avr/lib/avr5/libm.a(addsf3.o) (__addsf3x)
/usr/lib/gcc/avr/6.2.0/../../../../avr/lib/avr5/libm.a(divsf3.o)
                              ./../librairie/libA.a(librairieFonctions.o) (__divsf3)
/usr/lib/gcc/avr/6.2.0/../../../../avr/lib/avr5/libm.a(divsf3x.o)
                              /usr/lib/gcc/avr/6.2.0/../../../../avr/lib/avr5/libm.a(divsf3.o) (__divsf3x)
/usr/lib/gcc/avr/6.2.0/../../../../avr/lib/avr5/libm.a(fixunssfsi.o)
                              ./../librairie/libA.a(librairieFonctions.o) (__fixunssfsi)
/usr/lib/gcc/avr/6.2.0/../../../../avr/lib/avr5/libm.a(floatsisf.o)
                              ./../librairie/libA.a(librairieFonctions.o) (__floatsisf)
/usr/lib/gcc/avr/6.2.0/../../../../avr/lib/avr5/libm.a(fp_inf.o)
                              /usr/lib/gcc/avr/6.2.0/../../../../avr/lib/avr5/libm.a(addsf3x.o) (__fp_inf)
/usr/lib/gcc/avr/6.2.0/../../../../avr/lib/avr5/libm.a(fp_nan.o)
                              /usr/lib/gcc/avr/6.2.0/../../../../avr/lib/avr5/libm.a(addsf3x.o) (__fp_nan)
/usr/lib/gcc/avr/6.2.0/../../../../avr/lib/avr5/libm.a(fp_pscA.o)
                              /usr/lib/gcc/avr/6.2.0/../../../../avr/lib/avr5/libm.a(addsf3x.o) (__fp_pscA)
/usr/lib/gcc/avr/6.2.0/../../../../avr/lib/avr5/libm.a(fp_pscB.o)
                              /usr/lib/gcc/avr/6.2.0/../../../../avr/lib/avr5/libm.a(addsf3x.o) (__fp_pscB)
/usr/lib/gcc/avr/6.2.0/../../../../avr/lib/avr5/libm.a(fp_round.o)
                              /usr/lib/gcc/avr/6.2.0/../../../../avr/lib/avr5/libm.a(addsf3.o) (__fp_round)
/usr/lib/gcc/avr/6.2.0/../../../../avr/lib/avr5/libm.a(fp_split3.o)
                              /usr/lib/gcc/avr/6.2.0/../../../../avr/lib/avr5/libm.a(addsf3x.o) (__fp_split3)
/usr/lib/gcc/avr/6.2.0/../../../../avr/lib/avr5/libm.a(fp_zero.o)
                              /usr/lib/gcc/avr/6.2.0/../../../../avr/lib/avr5/libm.a(addsf3x.o) (__fp_zero)
/usr/lib/gcc/avr/6.2.0/../../../../avr/lib/avr5/libm.a(mulsf3.o)
                              ./../librairie/libA.a(librairieFonctions.o) (__mulsf3)
/usr/lib/gcc/avr/6.2.0/../../../../avr/lib/avr5/libm.a(mulsf3x.o)
                              /usr/lib/gcc/avr/6.2.0/../../../../avr/lib/avr5/libm.a(mulsf3.o) (__mulsf3x)

Memory Configuration

Name             Origin             Length             Attributes
text             0x0000000000000000 0x0000000000020000 xr
data             0x0000000000800060 0x000000000000ffa0 rw !x
eeprom           0x0000000000810000 0x0000000000010000 rw !x
fuse             0x0000000000820000 0x0000000000000003 rw !x
lock             0x0000000000830000 0x0000000000000400 rw !x
signature        0x0000000000840000 0x0000000000000400 rw !x
user_signatures  0x0000000000850000 0x0000000000000400 rw !x
*default*        0x0000000000000000 0xffffffffffffffff

Linker script and memory map

Address of section .data set to 0x800100
LOAD /usr/lib/gcc/avr/6.2.0/../../../../avr/lib/avr5/crtatmega324pa.o
LOAD main.o
LOAD /usr/lib/gcc/avr/6.2.0/../../../../avr/lib/avr5/libm.a
LOAD ./../librairie/libA.a
START GROUP
LOAD /usr/lib/gcc/avr/6.2.0/avr5/libgcc.a
LOAD /usr/lib/gcc/avr/6.2.0/../../../../avr/lib/avr5/libm.a
LOAD /usr/lib/gcc/avr/6.2.0/../../../../avr/lib/avr5/libc.a
LOAD /usr/lib/gcc/avr/6.2.0/../../../../avr/lib/avr5/libatmega324pa.a
END GROUP
                0x0000000000020000                __TEXT_REGION_LENGTH__ = DEFINED (__TEXT_REGION_LENGTH__)?__TEXT_REGION_LENGTH__:0x20000
                0x000000000000ffa0                __DATA_REGION_LENGTH__ = DEFINED (__DATA_REGION_LENGTH__)?__DATA_REGION_LENGTH__:0xffa0
                0x0000000000010000                __EEPROM_REGION_LENGTH__ = DEFINED (__EEPROM_REGION_LENGTH__)?__EEPROM_REGION_LENGTH__:0x10000
                [0x0000000000000003]                __FUSE_REGION_LENGTH__ = DEFINED (__FUSE_REGION_LENGTH__)?__FUSE_REGION_LENGTH__:0x400
                0x0000000000000400                __LOCK_REGION_LENGTH__ = DEFINED (__LOCK_REGION_LENGTH__)?__LOCK_REGION_LENGTH__:0x400
                0x0000000000000400                __SIGNATURE_REGION_LENGTH__ = DEFINED (__SIGNATURE_REGION_LENGTH__)?__SIGNATURE_REGION_LENGTH__:0x400
                0x0000000000000400                __USER_SIGNATURE_REGION_LENGTH__ = DEFINED (__USER_SIGNATURE_REGION_LENGTH__)?__USER_SIGNATURE_REGION_LENGTH__:0x400

.hash
 *(.hash)

.dynsym
 *(.dynsym)

.dynstr
 *(.dynstr)

.gnu.version
 *(.gnu.version)

.gnu.version_d
 *(.gnu.version_d)

.gnu.version_r
 *(.gnu.version_r)

.rel.init
 *(.rel.init)

.rela.init
 *(.rela.init)

.rel.text
 *(.rel.text)
 *(.rel.text.*)
 *(.rel.gnu.linkonce.t*)

.rela.text
 *(.rela.text)
 *(.rela.text.*)
 *(.rela.gnu.linkonce.t*)

.rel.fini
 *(.rel.fini)

.rela.fini
 *(.rela.fini)

.rel.rodata
 *(.rel.rodata)
 *(.rel.rodata.*)
 *(.rel.gnu.linkonce.r*)

.rela.rodata
 *(.rela.rodata)
 *(.rela.rodata.*)
 *(.rela.gnu.linkonce.r*)

.rel.data
 *(.rel.data)
 *(.rel.data.*)
 *(.rel.gnu.linkonce.d*)

.rela.data
 *(.rela.data)
 *(.rela.data.*)
 *(.rela.gnu.linkonce.d*)

.rel.ctors
 *(.rel.ctors)

.rela.ctors
 *(.rela.ctors)

.rel.dtors
 *(.rel.dtors)

.rela.dtors
 *(.rela.dtors)

.rel.got
 *(.rel.got)

.rela.got
 *(.rela.got)

.rel.bss
 *(.rel.bss)

.rela.bss
 *(.rela.bss)

.rel.plt
 *(.rel.plt)

.rela.plt
 *(.rela.plt)

.text           0x0000000000000000     0x143a
 *(.vectors)
 .vectors       0x0000000000000000       0x7c /usr/lib/gcc/avr/6.2.0/../../../../avr/lib/avr5/crtatmega324pa.o
                0x0000000000000000                __vectors
                0x0000000000000000                __vector_default
 *(.vectors)
 *(.progmem.gcc*)
                0x000000000000007c                . = ALIGN (0x2)
                0x000000000000007c                __trampolines_start = .
 *(.trampolines)
 .trampolines   0x000000000000007c        0x0 linker stubs
 *(.trampolines*)
                0x000000000000007c                __trampolines_end = .
 *libprintf_flt.a:*(.progmem.data)
 *libc.a:*(.progmem.data)
 *(.progmem*)
                0x000000000000007c                . = ALIGN (0x2)
 *(.jumptables)
 *(.jumptables*)
 *(.lowtext)
 *(.lowtext*)
                0x000000000000007c                __ctors_start = .
 *(.ctors)
                0x000000000000007c                __ctors_end = .
                0x000000000000007c                __dtors_start = .
 *(.dtors)
                0x000000000000007c                __dtors_end = .
 SORT(*)(.ctors)
 SORT(*)(.dtors)
 *(.init0)
 .init0         0x000000000000007c        0x0 /usr/lib/gcc/avr/6.2.0/../../../../avr/lib/avr5/crtatmega324pa.o
                0x000000000000007c                __init
 *(.init0)
 *(.init1)
 *(.init1)
 *(.init2)
 .init2         0x000000000000007c        0xc /usr/lib/gcc/avr/6.2.0/../../../../avr/lib/avr5/crtatmega324pa.o
 *(.init2)
 *(.init3)
 *(.init3)
 *(.init4)
 .init4         0x0000000000000088       0x16 /usr/lib/gcc/avr/6.2.0/avr5/libgcc.a(_copy_data.o)
                0x0000000000000088                __do_copy_data
 .init4         0x000000000000009e       0x10 /usr/lib/gcc/avr/6.2.0/avr5/libgcc.a(_clear_bss.o)
                0x000000000000009e                __do_clear_bss
 *(.init4)
 *(.init5)
 *(.init5)
 *(.init6)
 *(.init6)
 *(.init7)
 *(.init7)
 *(.init8)
 *(.init8)
 *(.init9)
 .init9         0x00000000000000ae        0x8 /usr/lib/gcc/avr/6.2.0/../../../../avr/lib/avr5/crtatmega324pa.o
 *(.init9)
 *(.text)
 .text          0x00000000000000b6        0x4 /usr/lib/gcc/avr/6.2.0/../../../../avr/lib/avr5/crtatmega324pa.o
                0x00000000000000b6                __vector_22
                0x00000000000000b6                __vector_28
                0x00000000000000b6                __vector_1
                0x00000000000000b6                __vector_24
                0x00000000000000b6                __vector_12
                0x00000000000000b6                __bad_interrupt
                0x00000000000000b6                __vector_6
                0x00000000000000b6                __vector_3
                0x00000000000000b6                __vector_23
                0x00000000000000b6                __vector_30
                0x00000000000000b6                __vector_25
                0x00000000000000b6                __vector_11
                0x00000000000000b6                __vector_13
                0x00000000000000b6                __vector_17
                0x00000000000000b6                __vector_19
                0x00000000000000b6                __vector_7
                0x00000000000000b6                __vector_27
                0x00000000000000b6                __vector_5
                0x00000000000000b6                __vector_4
                0x00000000000000b6                __vector_9
                0x00000000000000b6                __vector_2
                0x00000000000000b6                __vector_21
                0x00000000000000b6                __vector_15
                0x00000000000000b6                __vector_29
                0x00000000000000b6                __vector_8
                0x00000000000000b6                __vector_26
                0x00000000000000b6                __vector_14
                0x00000000000000b6                __vector_10
                0x00000000000000b6                __vector_16
                0x00000000000000b6                __vector_18
                0x00000000000000b6                __vector_20
 .text          0x00000000000000ba        0x0 main.o
 .text          0x00000000000000ba      0x2b2 ./../librairie/libA.a(capteurs.o)
                0x00000000000000ba                _ZN8Capteurs9getSensorEh
                0x00000000000000c4                _ZN8CapteursC1Ev
                0x00000000000000c4                _ZN8CapteursC2Ev
                0x00000000000000d4                _ZN8Capteurs7lectureEv
                0x00000000000000fc                _ZN8Capteurs12lineTrackingEv
                0x000000000000015a                _ZN8Capteurs13tournerGaucheEv
                0x0000000000000190                _ZN8Capteurs13tournerDroiteEv
                0x00000000000001c6                _ZN8Capteurs18intersectionGaucheEv
                0x0000000000000204                _ZN8Capteurs18intersectionDroiteEv
                0x0000000000000244                _ZN8Capteurs15estIntersectionEv
                0x000000000000029e                _ZN8Capteurs8estPerduEv
                0x0000000000000304                _ZN8Capteurs16tourner180GaucheEv
                0x0000000000000338                _ZN8Capteurs16tourner180DroiteEv
 .text          0x000000000000036c      0x75a ./../librairie/libA.a(librairieFonctions.o)
                0x000000000000036c                _Z23verifierRebondMecaniquev
                0x000000000000038e                _Z22ajustementPwmFrequenced
                0x00000000000003e6                _Z24initialisationPwmMoteursv
                0x0000000000000414                _Z20ajustementPwmMoteurshh
                0x00000000000004b6                _Z18initialisationINT0bb
                0x00000000000004e0                _Z18initialisationINT1bb
                0x0000000000000524                _Z18initialisationINT2bb
                0x0000000000000568                _Z23initialisationMinuteriev
                0x00000000000005a8                _Z9minuterieh
                0x00000000000005ec                _Z7ecrire1ci
                0x0000000000000652                _Z7ecrire0ci
                0x00000000000006c0                _Z16transmissionUARTh
                0x00000000000006ce                _Z13receptionUARTv
                0x00000000000006dc                _Z18initialisationUARTv
                0x000000000000072a                _Z14readMemoryUARTjjPhR13Memoire24CXXX
                0x000000000000077e                _Z13jouerSonoriteh
                0x0000000000000954                _Z16decodeurByteCodehhRhRbS0_
 .text          0x0000000000000ac6      0x376 ./../librairie/libA.a(memoire_24.o)
                0x0000000000000ac6                _ZN13Memoire24CXXXD2Ev
                0x0000000000000ac6                _ZN13Memoire24CXXXD1Ev
                0x0000000000000ac8                _ZN13Memoire24CXXX4initEv
                0x0000000000000ada                _ZN13Memoire24CXXXC2Ev
                0x0000000000000ada                _ZN13Memoire24CXXXC1Ev
                0x0000000000000ae4                _ZN13Memoire24CXXX12choisir_bancEh
                0x0000000000000afa                _ZN13Memoire24CXXX7lectureEjPh
                0x0000000000000bbc                _ZN13Memoire24CXXX7lectureEjPhh
                0x0000000000000c84                _ZN13Memoire24CXXX8ecritureEjh
                0x0000000000000d14                _ZN13Memoire24CXXX14ecriture_delayEjh
                0x0000000000000d26                _ZN13Memoire24CXXX11ecrire_pageEjPhh
                0x0000000000000de4                _ZN13Memoire24CXXX8ecritureEjPhh
                0x0000000000000e2a                _ZN13Memoire24CXXX14ecriture_delayEjPhh
 .text          0x0000000000000e3c        0x0 /usr/lib/gcc/avr/6.2.0/avr5/libgcc.a(_divmodhi4.o)
 .text          0x0000000000000e3c        0x0 /usr/lib/gcc/avr/6.2.0/avr5/libgcc.a(_exit.o)
 .text          0x0000000000000e3c        0x0 /usr/lib/gcc/avr/6.2.0/avr5/libgcc.a(_tablejump2.o)
 .text          0x0000000000000e3c        0x0 /usr/lib/gcc/avr/6.2.0/avr5/libgcc.a(_copy_data.o)
 .text          0x0000000000000e3c        0x0 /usr/lib/gcc/avr/6.2.0/avr5/libgcc.a(_clear_bss.o)
 .text          0x0000000000000e3c        0x0 /usr/lib/gcc/avr/6.2.0/avr5/libgcc.a(_udivmodhi4.o)
 .text          0x0000000000000e3c        0x0 /usr/lib/gcc/avr/6.2.0/../../../../avr/lib/avr5/libm.a(addsf3.o)
 .text          0x0000000000000e3c        0x0 /usr/lib/gcc/avr/6.2.0/../../../../avr/lib/avr5/libm.a(addsf3x.o)
 .text          0x0000000000000e3c        0x0 /usr/lib/gcc/avr/6.2.0/../../../../avr/lib/avr5/libm.a(divsf3.o)
 .text          0x0000000000000e3c        0x0 /usr/lib/gcc/avr/6.2.0/../../../../avr/lib/avr5/libm.a(divsf3x.o)
 .text          0x0000000000000e3c        0x0 /usr/lib/gcc/avr/6.2.0/../../../../avr/lib/avr5/libm.a(fixunssfsi.o)
 .text          0x0000000000000e3c        0x0 /usr/lib/gcc/avr/6.2.0/../../../../avr/lib/avr5/libm.a(floatsisf.o)
 .text          0x0000000000000e3c        0x0 /usr/lib/gcc/avr/6.2.0/../../../../avr/lib/avr5/libm.a(fp_inf.o)
 .text          0x0000000000000e3c        0x0 /usr/lib/gcc/avr/6.2.0/../../../../avr/lib/avr5/libm.a(fp_nan.o)
 .text          0x0000000000000e3c        0x0 /usr/lib/gcc/avr/6.2.0/../../../../avr/lib/avr5/libm.a(fp_pscA.o)
 .text          0x0000000000000e3c        0x0 /usr/lib/gcc/avr/6.2.0/../../../../avr/lib/avr5/libm.a(fp_pscB.o)
 .text          0x0000000000000e3c        0x0 /usr/lib/gcc/avr/6.2.0/../../../../avr/lib/avr5/libm.a(fp_round.o)
 .text          0x0000000000000e3c        0x0 /usr/lib/gcc/avr/6.2.0/../../../../avr/lib/avr5/libm.a(fp_split3.o)
 .text          0x0000000000000e3c        0x0 /usr/lib/gcc/avr/6.2.0/../../../../avr/lib/avr5/libm.a(fp_zero.o)
 .text          0x0000000000000e3c        0x0 /usr/lib/gcc/avr/6.2.0/../../../../avr/lib/avr5/libm.a(mulsf3.o)
 .text          0x0000000000000e3c        0x0 /usr/lib/gcc/avr/6.2.0/../../../../avr/lib/avr5/libm.a(mulsf3x.o)
                0x0000000000000e3c                . = ALIGN (0x2)
 *(.text.*)
 .text.startup  0x0000000000000e3c      0x18c main.o
                0x0000000000000e3c                main
 .text.libgcc.mul
                0x0000000000000fc8        0x0 /usr/lib/gcc/avr/6.2.0/avr5/libgcc.a(_divmodhi4.o)
 .text.libgcc.div
                0x0000000000000fc8       0x28 /usr/lib/gcc/avr/6.2.0/avr5/libgcc.a(_divmodhi4.o)
                0x0000000000000fc8                __divmodhi4
                0x0000000000000fc8                _div
 .text.libgcc   0x0000000000000ff0        0x0 /usr/lib/gcc/avr/6.2.0/avr5/libgcc.a(_divmodhi4.o)
 .text.libgcc.prologue
                0x0000000000000ff0        0x0 /usr/lib/gcc/avr/6.2.0/avr5/libgcc.a(_divmodhi4.o)
 .text.libgcc.builtins
                0x0000000000000ff0        0x0 /usr/lib/gcc/avr/6.2.0/avr5/libgcc.a(_divmodhi4.o)
 .text.libgcc.fmul
                0x0000000000000ff0        0x0 /usr/lib/gcc/avr/6.2.0/avr5/libgcc.a(_divmodhi4.o)
 .text.libgcc.fixed
                0x0000000000000ff0        0x0 /usr/lib/gcc/avr/6.2.0/avr5/libgcc.a(_divmodhi4.o)
 .text.libgcc.mul
                0x0000000000000ff0        0x0 /usr/lib/gcc/avr/6.2.0/avr5/libgcc.a(_exit.o)
 .text.libgcc.div
                0x0000000000000ff0        0x0 /usr/lib/gcc/avr/6.2.0/avr5/libgcc.a(_exit.o)
 .text.libgcc   0x0000000000000ff0        0x0 /usr/lib/gcc/avr/6.2.0/avr5/libgcc.a(_exit.o)
 .text.libgcc.prologue
                0x0000000000000ff0        0x0 /usr/lib/gcc/avr/6.2.0/avr5/libgcc.a(_exit.o)
 .text.libgcc.builtins
                0x0000000000000ff0        0x0 /usr/lib/gcc/avr/6.2.0/avr5/libgcc.a(_exit.o)
 .text.libgcc.fmul
                0x0000000000000ff0        0x0 /usr/lib/gcc/avr/6.2.0/avr5/libgcc.a(_exit.o)
 .text.libgcc.fixed
                0x0000000000000ff0        0x0 /usr/lib/gcc/avr/6.2.0/avr5/libgcc.a(_exit.o)
 .text.libgcc.mul
                0x0000000000000ff0        0x0 /usr/lib/gcc/avr/6.2.0/avr5/libgcc.a(_tablejump2.o)
 .text.libgcc.div
                0x0000000000000ff0        0x0 /usr/lib/gcc/avr/6.2.0/avr5/libgcc.a(_tablejump2.o)
 .text.libgcc   0x0000000000000ff0        0xc /usr/lib/gcc/avr/6.2.0/avr5/libgcc.a(_tablejump2.o)
                0x0000000000000ff0                __tablejump2__
 .text.libgcc.prologue
                0x0000000000000ffc        0x0 /usr/lib/gcc/avr/6.2.0/avr5/libgcc.a(_tablejump2.o)
 .text.libgcc.builtins
                0x0000000000000ffc        0x0 /usr/lib/gcc/avr/6.2.0/avr5/libgcc.a(_tablejump2.o)
 .text.libgcc.fmul
                0x0000000000000ffc        0x0 /usr/lib/gcc/avr/6.2.0/avr5/libgcc.a(_tablejump2.o)
 .text.libgcc.fixed
                0x0000000000000ffc        0x0 /usr/lib/gcc/avr/6.2.0/avr5/libgcc.a(_tablejump2.o)
 .text.libgcc.mul
                0x0000000000000ffc        0x0 /usr/lib/gcc/avr/6.2.0/avr5/libgcc.a(_copy_data.o)
 .text.libgcc.div
                0x0000000000000ffc        0x0 /usr/lib/gcc/avr/6.2.0/avr5/libgcc.a(_copy_data.o)
 .text.libgcc   0x0000000000000ffc        0x0 /usr/lib/gcc/avr/6.2.0/avr5/libgcc.a(_copy_data.o)
 .text.libgcc.prologue
                0x0000000000000ffc        0x0 /usr/lib/gcc/avr/6.2.0/avr5/libgcc.a(_copy_data.o)
 .text.libgcc.builtins
                0x0000000000000ffc        0x0 /usr/lib/gcc/avr/6.2.0/avr5/libgcc.a(_copy_data.o)
 .text.libgcc.fmul
                0x0000000000000ffc        0x0 /usr/lib/gcc/avr/6.2.0/avr5/libgcc.a(_copy_data.o)
 .text.libgcc.fixed
                0x0000000000000ffc        0x0 /usr/lib/gcc/avr/6.2.0/avr5/libgcc.a(_copy_data.o)
 .text.libgcc.mul
                0x0000000000000ffc        0x0 /usr/lib/gcc/avr/6.2.0/avr5/libgcc.a(_clear_bss.o)
 .text.libgcc.div
                0x0000000000000ffc        0x0 /usr/lib/gcc/avr/6.2.0/avr5/libgcc.a(_clear_bss.o)
 .text.libgcc   0x0000000000000ffc        0x0 /usr/lib/gcc/avr/6.2.0/avr5/libgcc.a(_clear_bss.o)
 .text.libgcc.prologue
                0x0000000000000ffc        0x0 /usr/lib/gcc/avr/6.2.0/avr5/libgcc.a(_clear_bss.o)
 .text.libgcc.builtins
                0x0000000000000ffc        0x0 /usr/lib/gcc/avr/6.2.0/avr5/libgcc.a(_clear_bss.o)
 .text.libgcc.fmul
                0x0000000000000ffc        0x0 /usr/lib/gcc/avr/6.2.0/avr5/libgcc.a(_clear_bss.o)
 .text.libgcc.fixed
                0x0000000000000ffc        0x0 /usr/lib/gcc/avr/6.2.0/avr5/libgcc.a(_clear_bss.o)
 .text.libgcc.mul
                0x0000000000000ffc        0x0 /usr/lib/gcc/avr/6.2.0/avr5/libgcc.a(_udivmodhi4.o)
 .text.libgcc.div
                0x0000000000000ffc       0x28 /usr/lib/gcc/avr/6.2.0/avr5/libgcc.a(_udivmodhi4.o)
                0x0000000000000ffc                __udivmodhi4
 .text.libgcc   0x0000000000001024        0x0 /usr/lib/gcc/avr/6.2.0/avr5/libgcc.a(_udivmodhi4.o)
 .text.libgcc.prologue
                0x0000000000001024        0x0 /usr/lib/gcc/avr/6.2.0/avr5/libgcc.a(_udivmodhi4.o)
 .text.libgcc.builtins
                0x0000000000001024        0x0 /usr/lib/gcc/avr/6.2.0/avr5/libgcc.a(_udivmodhi4.o)
 .text.libgcc.fmul
                0x0000000000001024        0x0 /usr/lib/gcc/avr/6.2.0/avr5/libgcc.a(_udivmodhi4.o)
 .text.libgcc.fixed
                0x0000000000001024        0x0 /usr/lib/gcc/avr/6.2.0/avr5/libgcc.a(_udivmodhi4.o)
 .text.avr-libc.fplib
                0x0000000000001024        0xe /usr/lib/gcc/avr/6.2.0/../../../../avr/lib/avr5/libm.a(addsf3.o)
                0x0000000000001024                __subsf3
                0x0000000000001026                __addsf3
 .text.avr-libc.fplib
                0x0000000000001032       0xcc /usr/lib/gcc/avr/6.2.0/../../../../avr/lib/avr5/libm.a(addsf3x.o)
                0x0000000000001054                __addsf3x
 .text.avr-libc.fplib
                0x00000000000010fe        0x8 /usr/lib/gcc/avr/6.2.0/../../../../avr/lib/avr5/libm.a(divsf3.o)
                0x00000000000010fe                __divsf3
 .text.avr-libc.fplib
                0x0000000000001106       0xdc /usr/lib/gcc/avr/6.2.0/../../../../avr/lib/avr5/libm.a(divsf3x.o)
                0x0000000000001126                __divsf3x
                0x000000000000112c                __divsf3_pse
 .text.avr-libc.fplib
                0x00000000000011e2       0x5e /usr/lib/gcc/avr/6.2.0/../../../../avr/lib/avr5/libm.a(fixunssfsi.o)
                0x00000000000011e2                __fixunssfsi
 .text.avr-libc.fplib
                0x0000000000001240       0x7a /usr/lib/gcc/avr/6.2.0/../../../../avr/lib/avr5/libm.a(floatsisf.o)
                0x0000000000001240                __floatunsisf
                0x0000000000001244                __floatsisf
 .text.avr-libc.fplib
                0x00000000000012ba        0xc /usr/lib/gcc/avr/6.2.0/../../../../avr/lib/avr5/libm.a(fp_inf.o)
                0x00000000000012ba                __fp_inf
 .text.avr-libc.fplib
                0x00000000000012c6        0x6 /usr/lib/gcc/avr/6.2.0/../../../../avr/lib/avr5/libm.a(fp_nan.o)
                0x00000000000012c6                __fp_nan
 .text.avr-libc.fplib
                0x00000000000012cc        0xe /usr/lib/gcc/avr/6.2.0/../../../../avr/lib/avr5/libm.a(fp_pscA.o)
                0x00000000000012cc                __fp_pscA
 .text.avr-libc.fplib
                0x00000000000012da        0xe /usr/lib/gcc/avr/6.2.0/../../../../avr/lib/avr5/libm.a(fp_pscB.o)
                0x00000000000012da                __fp_pscB
 .text.avr-libc.fplib
                0x00000000000012e8       0x22 /usr/lib/gcc/avr/6.2.0/../../../../avr/lib/avr5/libm.a(fp_round.o)
                0x00000000000012e8                __fp_round
 .text.avr-libc.fplib
                0x000000000000130a       0x44 /usr/lib/gcc/avr/6.2.0/../../../../avr/lib/avr5/libm.a(fp_split3.o)
                0x000000000000130a                __fp_split3
                0x000000000000131a                __fp_splitA
 .text.avr-libc.fplib
                0x000000000000134e        0xe /usr/lib/gcc/avr/6.2.0/../../../../avr/lib/avr5/libm.a(fp_zero.o)
                0x000000000000134e                __fp_zero
                0x0000000000001350                __fp_szero
 .text.avr-libc.fplib
                0x000000000000135c        0x8 /usr/lib/gcc/avr/6.2.0/../../../../avr/lib/avr5/libm.a(mulsf3.o)
                0x000000000000135c                __mulsf3
 .text.avr-libc.fplib
                0x0000000000001364       0xd2 /usr/lib/gcc/avr/6.2.0/../../../../avr/lib/avr5/libm.a(mulsf3x.o)
                0x0000000000001382                __mulsf3x
                0x0000000000001388                __mulsf3_pse
                0x0000000000001436                . = ALIGN (0x2)
 *(.fini9)
 .fini9         0x0000000000001436        0x0 /usr/lib/gcc/avr/6.2.0/avr5/libgcc.a(_exit.o)
                0x0000000000001436                exit
                0x0000000000001436                _exit
 *(.fini9)
 *(.fini8)
 *(.fini8)
 *(.fini7)
 *(.fini7)
 *(.fini6)
 *(.fini6)
 *(.fini5)
 *(.fini5)
 *(.fini4)
 *(.fini4)
 *(.fini3)
 *(.fini3)
 *(.fini2)
 *(.fini2)
 *(.fini1)
 *(.fini1)
 *(.fini0)
 .fini0         0x0000000000001436        0x4 /usr/lib/gcc/avr/6.2.0/avr5/libgcc.a(_exit.o)
 *(.fini0)
                0x000000000000143a                _etext = .

.data           0x0000000000800100        0x2 load address 0x000000000000143a
                0x0000000000800100                PROVIDE (__data_start, .)
 *(.data)
 .data          0x0000000000800100        0x0 /usr/lib/gcc/avr/6.2.0/../../../../avr/lib/avr5/crtatmega324pa.o
 .data          0x0000000000800100        0x1 main.o
                0x0000000000800100                couleurChoisie
 .data          0x0000000000800101        0x0 ./../librairie/libA.a(capteurs.o)
 .data          0x0000000000800101        0x0 ./../librairie/libA.a(librairieFonctions.o)
 .data          0x0000000000800101        0x1 ./../librairie/libA.a(memoire_24.o)
                0x0000000000800101                _ZN13Memoire24CXXX22m_adresse_peripheriqueE
 .data          0x0000000000800102        0x0 /usr/lib/gcc/avr/6.2.0/avr5/libgcc.a(_divmodhi4.o)
 .data          0x0000000000800102        0x0 /usr/lib/gcc/avr/6.2.0/avr5/libgcc.a(_exit.o)
 .data          0x0000000000800102        0x0 /usr/lib/gcc/avr/6.2.0/avr5/libgcc.a(_tablejump2.o)
 .data          0x0000000000800102        0x0 /usr/lib/gcc/avr/6.2.0/avr5/libgcc.a(_copy_data.o)
 .data          0x0000000000800102        0x0 /usr/lib/gcc/avr/6.2.0/avr5/libgcc.a(_clear_bss.o)
 .data          0x0000000000800102        0x0 /usr/lib/gcc/avr/6.2.0/avr5/libgcc.a(_udivmodhi4.o)
 .data          0x0000000000800102        0x0 /usr/lib/gcc/avr/6.2.0/../../../../avr/lib/avr5/libm.a(addsf3.o)
 .data          0x0000000000800102        0x0 /usr/lib/gcc/avr/6.2.0/../../../../avr/lib/avr5/libm.a(addsf3x.o)
 .data          0x0000000000800102        0x0 /usr/lib/gcc/avr/6.2.0/../../../../avr/lib/avr5/libm.a(divsf3.o)
 .data          0x0000000000800102        0x0 /usr/lib/gcc/avr/6.2.0/../../../../avr/lib/avr5/libm.a(divsf3x.o)
 .data          0x0000000000800102        0x0 /usr/lib/gcc/avr/6.2.0/../../../../avr/lib/avr5/libm.a(fixunssfsi.o)
 .data          0x0000000000800102        0x0 /usr/lib/gcc/avr/6.2.0/../../../../avr/lib/avr5/libm.a(floatsisf.o)
 .data          0x0000000000800102        0x0 /usr/lib/gcc/avr/6.2.0/../../../../avr/lib/avr5/libm.a(fp_inf.o)
 .data          0x0000000000800102        0x0 /usr/lib/gcc/avr/6.2.0/../../../../avr/lib/avr5/libm.a(fp_nan.o)
 .data          0x0000000000800102        0x0 /usr/lib/gcc/avr/6.2.0/../../../../avr/lib/avr5/libm.a(fp_pscA.o)
 .data          0x0000000000800102        0x0 /usr/lib/gcc/avr/6.2.0/../../../../avr/lib/avr5/libm.a(fp_pscB.o)
 .data          0x0000000000800102        0x0 /usr/lib/gcc/avr/6.2.0/../../../../avr/lib/avr5/libm.a(fp_round.o)
 .data          0x0000000000800102        0x0 /usr/lib/gcc/avr/6.2.0/../../../../avr/lib/avr5/libm.a(fp_split3.o)
 .data          0x0000000000800102        0x0 /usr/lib/gcc/avr/6.2.0/../../../../avr/lib/avr5/libm.a(fp_zero.o)
 .data          0x0000000000800102        0x0 /usr/lib/gcc/avr/6.2.0/../../../../avr/lib/avr5/libm.a(mulsf3.o)
 .data          0x0000000000800102        0x0 /usr/lib/gcc/avr/6.2.0/../../../../avr/lib/avr5/libm.a(mulsf3x.o)
 *(.data*)
 *(.rodata)
 *(.rodata*)
 *(.gnu.linkonce.d*)
                0x0000000000800102                . = ALIGN (0x2)
                0x0000000000800102                _edata = .
                0x0000000000800102                PROVIDE (__data_end, .)

.bss            0x0000000000800102        0x3
                0x0000000000800102                PROVIDE (__bss_start, .)
 *(.bss)
 .bss           0x0000000000800102        0x0 /usr/lib/gcc/avr/6.2.0/../../../../avr/lib/avr5/crtatmega324pa.o
 .bss           0x0000000000800102        0x3 main.o
                0x0000000000800102                triggerBonneIntersection
                0x0000000000800103                compteurIntersection
                0x0000000000800104                etat
 .bss           0x0000000000800105        0x0 ./../librairie/libA.a(capteurs.o)
 .bss           0x0000000000800105        0x0 ./../librairie/libA.a(librairieFonctions.o)
 .bss           0x0000000000800105        0x0 ./../librairie/libA.a(memoire_24.o)
 .bss           0x0000000000800105        0x0 /usr/lib/gcc/avr/6.2.0/avr5/libgcc.a(_divmodhi4.o)
 .bss           0x0000000000800105        0x0 /usr/lib/gcc/avr/6.2.0/avr5/libgcc.a(_exit.o)
 .bss           0x0000000000800105        0x0 /usr/lib/gcc/avr/6.2.0/avr5/libgcc.a(_tablejump2.o)
 .bss           0x0000000000800105        0x0 /usr/lib/gcc/avr/6.2.0/avr5/libgcc.a(_copy_data.o)
 .bss           0x0000000000800105        0x0 /usr/lib/gcc/avr/6.2.0/avr5/libgcc.a(_clear_bss.o)
 .bss           0x0000000000800105        0x0 /usr/lib/gcc/avr/6.2.0/avr5/libgcc.a(_udivmodhi4.o)
 .bss           0x0000000000800105        0x0 /usr/lib/gcc/avr/6.2.0/../../../../avr/lib/avr5/libm.a(addsf3.o)
 .bss           0x0000000000800105        0x0 /usr/lib/gcc/avr/6.2.0/../../../../avr/lib/avr5/libm.a(addsf3x.o)
 .bss           0x0000000000800105        0x0 /usr/lib/gcc/avr/6.2.0/../../../../avr/lib/avr5/libm.a(divsf3.o)
 .bss           0x0000000000800105        0x0 /usr/lib/gcc/avr/6.2.0/../../../../avr/lib/avr5/libm.a(divsf3x.o)
 .bss           0x0000000000800105        0x0 /usr/lib/gcc/avr/6.2.0/../../../../avr/lib/avr5/libm.a(fixunssfsi.o)
 .bss           0x0000000000800105        0x0 /usr/lib/gcc/avr/6.2.0/../../../../avr/lib/avr5/libm.a(floatsisf.o)
 .bss           0x0000000000800105        0x0 /usr/lib/gcc/avr/6.2.0/../../../../avr/lib/avr5/libm.a(fp_inf.o)
 .bss           0x0000000000800105        0x0 /usr/lib/gcc/avr/6.2.0/../../../../avr/lib/avr5/libm.a(fp_nan.o)
 .bss           0x0000000000800105        0x0 /usr/lib/gcc/avr/6.2.0/../../../../avr/lib/avr5/libm.a(fp_pscA.o)
 .bss           0x0000000000800105        0x0 /usr/lib/gcc/avr/6.2.0/../../../../avr/lib/avr5/libm.a(fp_pscB.o)
 .bss           0x0000000000800105        0x0 /usr/lib/gcc/avr/6.2.0/../../../../avr/lib/avr5/libm.a(fp_round.o)
 .bss           0x0000000000800105        0x0 /usr/lib/gcc/avr/6.2.0/../../../../avr/lib/avr5/libm.a(fp_split3.o)
 .bss           0x0000000000800105        0x0 /usr/lib/gcc/avr/6.2.0/../../../../avr/lib/avr5/libm.a(fp_zero.o)
 .bss           0x0000000000800105        0x0 /usr/lib/gcc/avr/6.2.0/../../../../avr/lib/avr5/libm.a(mulsf3.o)
 .bss           0x0000000000800105        0x0 /usr/lib/gcc/avr/6.2.0/../../../../avr/lib/avr5/libm.a(mulsf3x.o)
 *(.bss*)
 *(COMMON)
                0x0000000000800105                PROVIDE (__bss_end, .)
                0x000000000000143a                __data_load_start = LOADADDR (.data)
                0x000000000000143c                __data_load_end = (__data_load_start + SIZEOF (.data))

.noinit         0x0000000000800105        0x0
                [!provide]                        PROVIDE (__noinit_start, .)
 *(.noinit*)
                [!provide]                        PROVIDE (__noinit_end, .)
                0x0000000000800105                _end = .
                [!provide]                        PROVIDE (__heap_start, .)

.eeprom         0x0000000000810000        0x0
 *(.eeprom*)
                0x0000000000810000                __eeprom_end = .

.fuse
 *(.fuse)
 *(.lfuse)
 *(.hfuse)
 *(.efuse)

.lock
 *(.lock*)

.signature
 *(.signature*)

.stab           0x0000000000000000     0x3e28
 *(.stab)
 .stab          0x0000000000000000      0x7ec main.o
 .stab          0x00000000000007ec      0xd68 ./../librairie/libA.a(capteurs.o)
                                        0xd74 (size before relaxing)
 .stab          0x0000000000001554     0x138c ./../librairie/libA.a(librairieFonctions.o)
                                       0x1398 (size before relaxing)
 .stab          0x00000000000028e0     0x1020 ./../librairie/libA.a(memoire_24.o)
                                       0x102c (size before relaxing)
 .stab          0x0000000000003900      0x138 /usr/lib/gcc/avr/6.2.0/avr5/libgcc.a(_divmodhi4.o)
                                        0x144 (size before relaxing)
 .stab          0x0000000000003a38       0x6c /usr/lib/gcc/avr/6.2.0/avr5/libgcc.a(_exit.o)
                                         0x78 (size before relaxing)
 .stab          0x0000000000003aa4       0x9c /usr/lib/gcc/avr/6.2.0/avr5/libgcc.a(_tablejump2.o)
                                         0xa8 (size before relaxing)
 .stab          0x0000000000003b40       0xd8 /usr/lib/gcc/avr/6.2.0/avr5/libgcc.a(_copy_data.o)
                                         0xe4 (size before relaxing)
 .stab          0x0000000000003c18       0xb4 /usr/lib/gcc/avr/6.2.0/avr5/libgcc.a(_clear_bss.o)
                                         0xc0 (size before relaxing)
 .stab          0x0000000000003ccc      0x15c /usr/lib/gcc/avr/6.2.0/avr5/libgcc.a(_udivmodhi4.o)
                                        0x168 (size before relaxing)

.stabstr        0x0000000000000000     0x3540
 *(.stabstr)
 .stabstr       0x0000000000000000     0x3540 main.o

.stab.excl
 *(.stab.excl)

.stab.exclstr
 *(.stab.exclstr)

.stab.index
 *(.stab.index)

.stab.indexstr
 *(.stab.indexstr)

.comment        0x0000000000000000       0x21
 *(.comment)
 .comment       0x0000000000000000       0x21 main.o
                                         0x22 (size before relaxing)
 .comment       0x0000000000000021       0x22 ./../librairie/libA.a(capteurs.o)
 .comment       0x0000000000000021       0x22 ./../librairie/libA.a(librairieFonctions.o)
 .comment       0x0000000000000021       0x22 ./../librairie/libA.a(memoire_24.o)

.note.gnu.avr.deviceinfo
                0x0000000000000000       0x40
 .note.gnu.avr.deviceinfo
                0x0000000000000000       0x40 /usr/lib/gcc/avr/6.2.0/../../../../avr/lib/avr5/crtatmega324pa.o

.avr.prop       0x0000000000000000       0x16
 .avr.prop      0x0000000000000000       0x16 ./../librairie/libA.a(librairieFonctions.o)

.note.gnu.build-id
 *(.note.gnu.build-id)

.debug
 *(.debug)

.line
 *(.line)

.debug_srcinfo
 *(.debug_srcinfo)

.debug_sfnames
 *(.debug_sfnames)

.debug_aranges
 *(.debug_aranges)

.debug_pubnames
 *(.debug_pubnames)

.debug_info     0x0000000000000000      0x6cc
 *(.debug_info .gnu.linkonce.wi.*)
 .debug_info    0x0000000000000000      0x6cc /usr/lib/gcc/avr/6.2.0/../../../../avr/lib/avr5/crtatmega324pa.o

.debug_abbrev   0x0000000000000000      0x66e
 *(.debug_abbrev)
 .debug_abbrev  0x0000000000000000      0x66e /usr/lib/gcc/avr/6.2.0/../../../../avr/lib/avr5/crtatmega324pa.o

.debug_line     0x0000000000000000       0x1d
 *(.debug_line .debug_line.* .debug_line_end)
 .debug_line    0x0000000000000000       0x1d /usr/lib/gcc/avr/6.2.0/../../../../avr/lib/avr5/crtatmega324pa.o

.debug_frame
 *(.debug_frame)

.debug_str      0x0000000000000000      0x255
 *(.debug_str)
 .debug_str     0x0000000000000000      0x255 /usr/lib/gcc/avr/6.2.0/../../../../avr/lib/avr5/crtatmega324pa.o

.debug_loc
 *(.debug_loc)

.debug_macinfo
 *(.debug_macinfo)

.debug_weaknames
 *(.debug_weaknames)

.debug_funcnames
 *(.debug_funcnames)

.debug_typenames
 *(.debug_typenames)

.debug_varnames
 *(.debug_varnames)

.debug_pubtypes
 *(.debug_pubtypes)

.debug_ranges
 *(.debug_ranges)

.debug_macro
 *(.debug_macro)
OUTPUT(main.out elf32-avr)
LOAD linker stubs
